Last login: Fri Nov  3 23:22:02 on ttys003
hmiwa@dhcp3-174 hmiwa % ssh hmiwa-lab      
Enter passphrase for key '/Users/hmiwa/.ssh/id_rsa': 
^[[3~ヒトゲノム多様性研究室のワークステーションへログインしました。
[OS: Ubuntu 22.04.3 LTS (GNU/Linux 6.2.0-32-generic x86_64)]

不明点はラボ内Slackの#serverチャンネルまで

*** System restart required ***
You have new mail.
Last login: Fri Nov  3 23:24:13 2023 from 133.11.3.174
^[[3~hmiwa@humgendiv:~$ 
hmiwa@humgendiv:~$ exit
logout
Connection to 133.11.2.58 closed.
hmiwa@dhcp3-174 hmiwa % ssh hmiwa-lab
Enter passphrase for key '/Users/hmiwa/.ssh/id_rsa': 
ヒトゲノム多様性研究室のワークステーションへログインしました。
[OS: Ubuntu 22.04.3 LTS (GNU/Linux 6.2.0-32-generic x86_64)]

不明点はラボ内Slackの#serverチャンネルまで

*** System restart required ***
You have new mail.
Last login: Fri Nov  3 23:35:42 2023 from 133.11.3.174
hmiwa@humgendiv:~$ exit
logout
Connection to 133.11.2.58 closed.
hmiwa@dhcp3-174 hmiwa % ssh hmiwa-lab
Enter passphrase for key '/Users/hmiwa/.ssh/id_rsa': 
ヒトゲノム多様性研究室のワークステーションへログインしました。
[OS: Ubuntu 22.04.3 LTS (GNU/Linux 6.2.0-32-generic x86_64)]

不明点はラボ内Slackの#serverチャンネルまで

*** System restart required ***
You have new mail.
Last login: Fri Nov  3 23:35:59 2023 from 133.11.3.174
hmiwa@humgendiv:~$ jupyter notebook
[I 2023-11-03 23:49:41.272 ServerApp] Package notebook took 0.0000s to import
[I 2023-11-03 23:49:41.279 ServerApp] Package jupyter_lsp took 0.0064s to import
[W 2023-11-03 23:49:41.279 ServerApp] A `_jupyter_server_extension_points` function was not found in jupyter_lsp. Instead, a `_jupyter_server_extension_paths` function was found and will be used for now. This function name will be deprecated in future releases of Jupyter Server.
[I 2023-11-03 23:49:41.282 ServerApp] Package jupyter_server_terminals took 0.0029s to import
[I 2023-11-03 23:49:41.282 ServerApp] Package jupyterlab took 0.0000s to import
[I 2023-11-03 23:49:41.302 ServerApp] Package notebook_shim took 0.0000s to import
[W 2023-11-03 23:49:41.302 ServerApp] A `_jupyter_server_extension_points` function was not found in notebook_shim. Instead, a `_jupyter_server_extension_paths` function was found and will be used for now. This function name will be deprecated in future releases of Jupyter Server.
[I 2023-11-03 23:49:41.302 ServerApp] jupyter_lsp | extension was successfully linked.
[I 2023-11-03 23:49:41.305 ServerApp] jupyter_server_terminals | extension was successfully linked.
[I 2023-11-03 23:49:41.309 ServerApp] jupyterlab | extension was successfully linked.
[I 2023-11-03 23:49:41.312 ServerApp] notebook | extension was successfully linked.
[I 2023-11-03 23:49:41.463 ServerApp] notebook_shim | extension was successfully linked.
[I 2023-11-03 23:49:41.475 ServerApp] notebook_shim | extension was successfully loaded.
[I 2023-11-03 23:49:41.477 ServerApp] jupyter_lsp | extension was successfully loaded.
[I 2023-11-03 23:49:41.478 ServerApp] jupyter_server_terminals | extension was successfully loaded.
[I 2023-11-03 23:49:41.478 LabApp] JupyterLab extension loaded from /home/hmiwa/.local/lib/python3.10/site-packages/jupyterlab
[I 2023-11-03 23:49:41.478 LabApp] JupyterLab application directory is /home/hmiwa/.local/share/jupyter/lab
[I 2023-11-03 23:49:41.479 LabApp] Extension Manager is 'pypi'.
[I 2023-11-03 23:49:41.481 ServerApp] jupyterlab | extension was successfully loaded.
[I 2023-11-03 23:49:41.483 ServerApp] notebook | extension was successfully loaded.
[I 2023-11-03 23:49:41.483 ServerApp] Serving notebooks from local directory: /home/hmiwa
[I 2023-11-03 23:49:41.483 ServerApp] Jupyter Server 2.9.1 is running at:
[I 2023-11-03 23:49:41.483 ServerApp] http://localhost:8888/tree?token=59692c4c9921744246ab717a7821f93e3180e0a4fa861144
[I 2023-11-03 23:49:41.483 ServerApp]     http://127.0.0.1:8888/tree?token=59692c4c9921744246ab717a7821f93e3180e0a4fa861144
[I 2023-11-03 23:49:41.483 ServerApp] Use Control-C to stop this server and shut down all kernels (twice to skip confirmation).
[W 2023-11-03 23:49:41.485 ServerApp] No web browser found: Error('could not locate runnable browser').
[C 2023-11-03 23:49:41.486 ServerApp] 
    
    To access the server, open this file in a browser:
        file:///home/hmiwa/.local/share/jupyter/runtime/jpserver-1102557-open.html
    Or copy and paste one of these URLs:
        http://localhost:8888/tree?token=59692c4c9921744246ab717a7821f93e3180e0a4fa861144
        http://127.0.0.1:8888/tree?token=59692c4c9921744246ab717a7821f93e3180e0a4fa861144
[I 2023-11-03 23:49:41.717 ServerApp] Skipped non-installed server(s): bash-language-server, dockerfile-language-server-nodejs, javascript-typescript-langserver, jedi-language-server, julia-language-server, pyright, python-language-server, python-lsp-server, r-languageserver, sql-language-server, texlab, typescript-language-server, unified-language-server, vscode-css-languageserver-bin, vscode-html-languageserver-bin, vscode-json-languageserver-bin, yaml-language-server
^C[I 2023-11-03 23:50:23.440 ServerApp] interrupted
[I 2023-11-03 23:50:23.441 ServerApp] Serving notebooks from local directory: /home/hmiwa
    0 active kernels
    Jupyter Server 2.9.1 is running at:
    http://localhost:8888/tree?token=59692c4c9921744246ab717a7821f93e3180e0a4fa861144
        http://127.0.0.1:8888/tree?token=59692c4c9921744246ab717a7821f93e3180e0a4fa861144
Shutdown this Jupyter server (y/[n])? y
[C 2023-11-03 23:50:24.859 ServerApp] Shutdown confirmed
[I 2023-11-03 23:50:24.860 ServerApp] Shutting down 5 extensions
hmiwa@humgendiv:~$ channel 6: open failed: connect failed: Connection refused
channel 6: open failed: connect failed: Connection refused
channel 6: open failed: connect failed: Connection refused
channel 10: open failed: connect failed: Connection refused
^C
hmiwa@humgendiv:~$ 
hmiwa@humgendiv:~$ cd
hmiwa@humgendiv:~$ ls
bcftools-1.17  hmiwa  hmiwa1  homebrew  local  R  snap
hmiwa@humgendiv:~$ mkdir app
hmiwa@humgendiv:~$ ls
app  bcftools-1.17  hmiwa  hmiwa1  homebrew  local  R  snap
hmiwa@humgendiv:~$ ls local
beagle.22Jul22.46e.jar  human_ancestor_GRCh37_e59          plink.GRCh37.map                 relate_v1.1.9_x86_64_dynamic.tgz
clues                   human_ancestor_GRCh37_e59.tar.bz2  plink.GRCh37.map.zip             relate_v1.1.9_x86_64_static
genetic_map_b37         PilotMask                          plink_linux_x86_64_20230116.zip  relate_v1.1.9_x86_64_static.tgz
genetic_map_b37.zip     plink                              relate                           sprime
hmiwa@humgendiv:~$ cd local
hmiwa@humgendiv:~/local$ git clone https://github.com/szpiech/selscan.git
Cloning into 'selscan'...
remote: Enumerating objects: 1588, done.
remote: Counting objects: 100% (148/148), done.
remote: Compressing objects: 100% (99/99), done.
remote: Total 1588 (delta 72), reused 111 (delta 49), pack-reused 1440
Receiving objects: 100% (1588/1588), 73.23 MiB | 22.94 MiB/s, done.
Resolving deltas: 100% (890/890), done.
hmiwa@humgendiv:~/local$ ls
beagle.22Jul22.46e.jar  human_ancestor_GRCh37_e59          plink.GRCh37.map                 relate_v1.1.9_x86_64_dynamic.tgz  sprime
clues                   human_ancestor_GRCh37_e59.tar.bz2  plink.GRCh37.map.zip             relate_v1.1.9_x86_64_static
genetic_map_b37         PilotMask                          plink_linux_x86_64_20230116.zip  relate_v1.1.9_x86_64_static.tgz
genetic_map_b37.zip     plink                              relate                           selscan
hmiwa@humgendiv:~/local$ cd selscan
hmiwa@humgendiv:~/local/selscan$ ls
bin                                example  INSTALL  LICENSE.md  MBE-2014-Szpiech-selscan-appnote.pdf  releases
BIORXIV-2021-465497v1-Szpiech.pdf  include  lib      manual      README                                src
hmiwa@humgendiv:~/local/selscan$ cd bin
hmiwa@humgendiv:~/local/selscan/bin$ ls
linux  osx  win
hmiwa@humgendiv:~/local/selscan/bin$ cd linux
hmiwa@humgendiv:~/local/selscan/bin/linux$ ls
norm  selscan
hmiwa@humgendiv:~/local/selscan/bin/linux$ selscan
Command 'selscan' not found, did you mean:
  command 'sslscan' from deb sslscan (2.0.7-1build1)
Try: apt install <deb name>
hmiwa@humgendiv:~/local/selscan/bin/linux$ ls
norm  selscan
hmiwa@humgendiv:~/local/selscan/bin/linux$ ~/local/selscan/bin/linux/selscan
selscan v2.0.0
ERROR: Must specify one and only one of 
	EHH (--ehh)
	iHS (--ihs)
	XP-EHH (--xpehh)
	PI (--pi)
	nSL (--nsl)
	XP-nSL (--xpnsl)
	iHH12 (--ihh12)
hmiwa@humgendiv:~/local/selscan/bin/linux$ 
hmiwa@humgendiv:~/local/selscan/bin/linux$ cd
hmiwa@humgendiv:~$ rm -r app
hmiwa@humgendiv:~$ ls
bcftools-1.17  hmiwa  hmiwa1  homebrew  local  R  snap
hmiwa@humgendiv:~$ ~/local/selscan/bin/linux/selscan
selscan v2.0.0
ERROR: Must specify one and only one of 
	EHH (--ehh)
	iHS (--ihs)
	XP-EHH (--xpehh)
	PI (--pi)
	nSL (--nsl)
	XP-nSL (--xpnsl)
	iHH12 (--ihh12)
hmiwa@humgendiv:~$ 
hmiwa@humgendiv:~$ exit
logout
Connection to 133.11.2.58 closed.
hmiwa@dhcp3-174 hmiwa % exit

Saving session...
...copying shared history...
...saving history...truncating history files...
...completed.

[プロセスが完了しました]

