Last login: Sun Nov  5 18:55:00 on ttys004
hmiwa@hanakonoMacBook-Air ~ % cd hmiwa
hmiwa@hanakonoMacBook-Air hmiwa % cd hmiwa-lab
hmiwa@hanakonoMacBook-Air hmiwa-lab % ls
README.md	d_20231023	hmiwa-labserver
hmiwa@hanakonoMacBook-Air hmiwa-lab % cd d_20231023
hmiwa@hanakonoMacBook-Air d_20231023 % ls
01_231025_TutorialPRS	99_log			README.md
hmiwa@hanakonoMacBook-Air d_20231023 % cd 01_231025_TutorialPRS
hmiwa@hanakonoMacBook-Air 01_231025_TutorialPRS % ls
01_231025_TutorialPRS.md	GWA_tutorial_clone		Note
Documents			Jupyter-Test
hmiwa@hanakonoMacBook-Air 01_231025_TutorialPRS % mv 01_231025_TutorialPRS.md README.md
hmiwa@hanakonoMacBook-Air 01_231025_TutorialPRS % git add -A .
hmiwa@hanakonoMacBook-Air 01_231025_TutorialPRS % git commit -m "[rename] change the file name"
[main 42b20eb] [rename] change the file name
 1 file changed, 0 insertions(+), 0 deletions(-)
 rename d_20231023/01_231025_TutorialPRS/{01_231025_TutorialPRS.md => README.md} (100%)
hmiwa@hanakonoMacBook-Air 01_231025_TutorialPRS % git push git@github.com:humgendiv/hmiwa-lab.git
Enter passphrase for key '/Users/hmiwa/.ssh/id_rsa': 
Enumerating objects: 7, done.
Counting objects: 100% (7/7), done.
Delta compression using up to 8 threads
Compressing objects: 100% (4/4), done.
Writing objects: 100% (4/4), 379 bytes | 379.00 KiB/s, done.
Total 4 (delta 3), reused 0 (delta 0), pack-reused 0
remote: Resolving deltas: 100% (3/3), completed with 3 local objects.
To github.com:humgendiv/hmiwa-lab.git
   6b2005a..42b20eb  main -> main
hmiwa@hanakonoMacBook-Air 01_231025_TutorialPRS % cd ~/hmiwa/hmiwa-lab/d_20231023                
hmiwa@hanakonoMacBook-Air d_20231023 % ls
01_231025_TutorialPRS	99_log			README.md
hmiwa@hanakonoMacBook-Air d_20231023 % mkdir 02_231105_TutorialPRS
hmiwa@hanakonoMacBook-Air d_20231023 % touch 02_231105_TutorialPRS/.gitkeep
hmiwa@hanakonoMacBook-Air d_20231023 % touch 02_231105_TutorialPRS/README.md
hmiwa@hanakonoMacBook-Air d_20231023 % cd 02_231105_TutorialPRS       
hmiwa@hanakonoMacBook-Air 02_231105_TutorialPRS % git clone https://github.com/MareesAT/GWA_tutorial.git
Cloning into 'GWA_tutorial'...
remote: Enumerating objects: 315, done.
remote: Counting objects: 100% (19/19), done.
remote: Compressing objects: 100% (17/17), done.
remote: Total 315 (delta 7), reused 12 (delta 2), pack-reused 296
Receiving objects: 100% (315/315), 31.71 MiB | 15.90 MiB/s, done.
Resolving deltas: 100% (121/121), done.
hmiwa@hanakonoMacBook-Air 02_231105_TutorialPRS % echo "GWA_tutorial/" >> .gitignore                 
hmiwa@hanakonoMacBook-Air 02_231105_TutorialPRS % git add -A .
hmiwa@hanakonoMacBook-Air 02_231105_TutorialPRS % git commit -m "[add] git clone GWA_tutorial" 
[main bbab710] [add] git clone GWA_tutorial
 3 files changed, 4 insertions(+)
 create mode 100644 d_20231023/02_231105_TutorialPRS/.gitignore
 create mode 100644 d_20231023/02_231105_TutorialPRS/.gitkeep
 create mode 100644 d_20231023/02_231105_TutorialPRS/README.md
hmiwa@hanakonoMacBook-Air 02_231105_TutorialPRS % git add -A .                                
hmiwa@hanakonoMacBook-Air 02_231105_TutorialPRS % git commit -m "[add] git clone GWA_tutorial"
On branch main
Your branch is ahead of 'origin/main' by 2 commits.
  (use "git push" to publish your local commits)

nothing to commit, working tree clean
hmiwa@hanakonoMacBook-Air 02_231105_TutorialPRS % git push git@github.com:humgendiv/hmiwa-lab.git       
Enter passphrase for key '/Users/hmiwa/.ssh/id_rsa': 
Enumerating objects: 8, done.
Counting objects: 100% (8/8), done.
Delta compression using up to 8 threads
Compressing objects: 100% (5/5), done.
Writing objects: 100% (6/6), 572 bytes | 572.00 KiB/s, done.
Total 6 (delta 2), reused 0 (delta 0), pack-reused 0
remote: Resolving deltas: 100% (2/2), completed with 2 local objects.
To github.com:humgendiv/hmiwa-lab.git
   42b20eb..bbab710  main -> main
hmiwa@hanakonoMacBook-Air 02_231105_TutorialPRS % git add -A .                                   
hmiwa@hanakonoMacBook-Air 02_231105_TutorialPRS %                                                
hmiwa@hanakonoMacBook-Air 02_231105_TutorialPRS % 
hmiwa@hanakonoMacBook-Air 02_231105_TutorialPRS % 
hmiwa@hanakonoMacBook-Air 02_231105_TutorialPRS % 
hmiwa@hanakonoMacBook-Air 02_231105_TutorialPRS % ssh hmiwa-lab
^C
hmiwa@hanakonoMacBook-Air 02_231105_TutorialPRS % ssh hmiwa-lab
Enter passphrase for key '/Users/hmiwa/.ssh/id_rsa': 
ヒトゲノム多様性研究室のワークステーションへログインしました。
[OS: Ubuntu 22.04.3 LTS (GNU/Linux 6.2.0-32-generic x86_64)]

不明点はラボ内Slackの#serverチャンネルまで

*** System restart required ***
You have new mail.
Last login: Sat Nov  4 00:06:26 2023 from 133.11.3.146
hmiwa@humgendiv:~$ 
hmiwa@humgendiv:~$ 
hmiwa@humgendiv:~$ ld
ld: no input files
hmiwa@humgendiv:~$ ls
bcftools-1.17  hmiwa  hmiwa1  homebrew  local  R  snap
hmiwa@humgendiv:~$ cd hmiwa1
hmiwa@humgendiv:~/hmiwa1$ cd
hmiwa@humgendiv:~$ exit
logout
Connection to 133.11.2.58 closed.
hmiwa@hanakonoMacBook-Air 02_231105_TutorialPRS % 
hmiwa@hanakonoMacBook-Air 02_231105_TutorialPRS % 
hmiwa@hanakonoMacBook-Air 02_231105_TutorialPRS % 
hmiwa@hanakonoMacBook-Air 02_231105_TutorialPRS % ssh hmiwa-lab
Enter passphrase for key '/Users/hmiwa/.ssh/id_rsa': 
ヒトゲノム多様性研究室のワークステーションへログインしました。
[OS: Ubuntu 22.04.3 LTS (GNU/Linux 6.2.0-32-generic x86_64)]

不明点はラボ内Slackの#serverチャンネルまで

*** System restart required ***
You have new mail.
Last login: Sun Nov  5 22:55:07 2023 from 133.11.3.131
hmiwa@humgendiv:~$ ls
bcftools-1.17  hmiwa  hmiwa1  homebrew  local  R  snap
hmiwa@humgendiv:~$ cd hmiwa
hmiwa@humgendiv:~/hmiwa$ ls
hmiwa-labserver  m_20211215  white.rsa
hmiwa@humgendiv:~/hmiwa$ rm -r hmiwa-labserver
rm: remove write-protected regular file 'hmiwa-labserver/.git/objects/60/26f250c8d31b2eada8e1a1c95b849b75dea5e5'? y
rm: remove write-protected regular file 'hmiwa-labserver/.git/objects/60/72157125008aa30b1fdeebf32f4531bab8e4d7'? y
rm: remove write-protected regular file 'hmiwa-labserver/.git/objects/f6/493c92f8868468ca6bce3bd36a540fdb54952b'? y
rm: remove write-protected regular file 'hmiwa-labserver/.git/objects/f6/fffe1aee8e318cd35dbfb93a3886e21e0472dc'? y
rm: remove write-protected regular file 'hmiwa-labserver/.git/objects/8b/3788f466df347a2bada35f5435593f7f4a192f'? y
rm: remove write-protected regular file 'hmiwa-labserver/.git/objects/8b/5e3a86786359a992fbebf91ba74f9f85f4926c'? y
rm: remove write-protected regular file 'hmiwa-labserver/.git/objects/8b/137891791fe96927ad78e64b0aad7bded08bdc'? y
rm: remove write-protected regular file 'hmiwa-labserver/.git/objects/8b/b2edef03039283404184aa392be0b756159177'? y
rm: remove write-protected regular file 'hmiwa-labserver/.git/objects/71/6692eabe3e60811aae6565917eff088a21b308'? y
rm: remove write-protected regular file 'hmiwa-labserver/.git/objects/71/ae483d3d00060773897b0f8205ff7a59e3f6f3'? y
rm: remove write-protected regular file 'hmiwa-labserver/.git/objects/be/67e57df44ef41471da3bd1670bd20c3f360f73'? y
rm: remove write-protected regular file 'hmiwa-labserver/.git/objects/dd/ee58cf6c2e7d314849ad8b7a220c9f6af5f790'? y
rm: remove write-protected regular file 'hmiwa-labserver/.git/objects/ed/24296a92f6dbaf97a0a9a81a38647ba09fdad2'? y
rm: remove write-protected regular file 'hmiwa-labserver/.git/objects/06/7601c8b773c12a75241be9f0ef8a8858cb94ed'? y
rm: remove write-protected regular file 'hmiwa-labserver/.git/objects/2a/65dc8c379043c392b977aba0e2329c1b9d9274'? y
rm: remove write-protected regular file 'hmiwa-labserver/.git/objects/81/cd9d6df8fedd36ee485f946fe032407eac720f'? y
rm: remove write-protected regular file 'hmiwa-labserver/.git/objects/49/6ee2ca6a2f08396a4076fe43dedf3dc0da8b6d'? y
rm: remove write-protected regular file 'hmiwa-labserver/.git/objects/49/caeb31b2996c52f84648d04c2698ebebea6ee6'? y
rm: remove write-protected regular file 'hmiwa-labserver/.git/objects/49/04040f208092de210a0678fb956339acceb2bf'? y
rm: remove write-protected regular file 'hmiwa-labserver/.git/objects/8c/37a78ee39c73072549a589a37e6f1e1fb4bec7'? y
rm: remove write-protected regular file 'hmiwa-labserver/.git/objects/8c/ce517f8e4891501c08b02e15bc57821317c8db'? y
rm: remove write-protected regular file 'hmiwa-labserver/.git/objects/3e/b68559eb7c057bd52dd6f20d4ea0dba7ec2373'? y
rm: remove write-protected regular file 'hmiwa-labserver/.git/objects/a7/66167ac14a34a116abc8e4667d20465a0c88a4'? y
rm: remove write-protected regular file 'hmiwa-labserver/.git/objects/a7/65001a5d2ca2d07f75f941c1d3f19224217240'? y
rm: remove write-protected regular file 'hmiwa-labserver/.git/objects/3f/1ec164eea39f26e699a24d9c0215ceb23f2730'? y
rm: remove write-protected regular file 'hmiwa-labserver/.git/objects/de/e904f2bd629b92370a4954995274dbbb0bc7e6'? y
rm: remove write-protected regular file 'hmiwa-labserver/.git/objects/40/da1b7b7cf51d038bb995ca8d5fe923631be583'? y
rm: remove write-protected regular file 'hmiwa-labserver/.git/objects/40/6dd0948faea1ad0c4391d198c38935fc75d24e'? y
rm: remove write-protected regular file 'hmiwa-labserver/.git/objects/ef/60d0b8379d756bf8ad50ccb6dea8b6043624b1'? y
rm: remove write-protected regular file 'hmiwa-labserver/.git/objects/1a/a811e5326a10580627aff9ca81865f5496abca'? y
rm: remove write-protected regular file 'hmiwa-labserver/.git/objects/1a/5d9b05d5469d793155fa4962b779d01367b40b'? y
rm: remove write-protected regular file 'hmiwa-labserver/.git/objects/6c/f3be2f2cacec8018ad3b33a3379c5ad74f868f'? y
rm: remove write-protected regular file 'hmiwa-labserver/.git/objects/07/0db16d6f18e29b597d1eba9826f161dd723f2e'? y
rm: remove write-protected regular file 'hmiwa-labserver/.git/objects/09/47f3b6d3413065250c217d7af9c394096a1fc0'? y
rm: remove write-protected regular file 'hmiwa-labserver/.git/objects/34/3269b479920621cb0a57af6a38cb56f65fc0db'? y
rm: remove write-protected regular file 'hmiwa-labserver/.git/objects/d7/238d024791f00408179012237bef4f5971e751'? y
rm: remove write-protected regular file 'hmiwa-labserver/.git/objects/dc/adc91bc38a3bc6d3f2753a35ef2bc42a62fe20'? y
rm: remove write-protected regular file 'hmiwa-labserver/.git/objects/56/5f6cf73107d5d47dca719a735aa32d081241da'? y
rm: remove write-protected regular file 'hmiwa-labserver/.git/objects/19/1158b38b7e13044bcbe9ffafc9c1089f9ef9d7'? y
rm: remove write-protected regular file 'hmiwa-labserver/.git/objects/19/e84236056903b1c3bad067971a44b8a19d10cb'? y
rm: remove write-protected regular file 'hmiwa-labserver/.git/objects/a6/2287a46516e136a15e45931b9b524a6011ff6a'? y
rm: remove write-protected regular file 'hmiwa-labserver/.git/objects/6d/47ddc6b4102171daab4f47833e3c788207d8df'? y
rm: remove write-protected regular file 'hmiwa-labserver/.git/objects/37/2f157eec442242e37c2d20098a84cd013c376d'? y
rm: remove write-protected regular file 'hmiwa-labserver/.git/objects/cc/fdb1425ad40195bdc7c473f25533cbb4dce19a'? y
rm: remove write-protected regular file 'hmiwa-labserver/.git/objects/1c/05ffa2c1b8defd3b2bebaf5bd1965257c02213'? y
rm: remove write-protected regular file 'hmiwa-labserver/.git/objects/4a/afdaa62080807dc3019bd1a7c27fbd4dc7e211'? y
rm: remove write-protected regular file 'hmiwa-labserver/.git/objects/4a/df0711ea0a72875751704b40c3be973ded3afa'? y
rm: remove write-protected regular file 'hmiwa-labserver/.git/objects/5f/87a03e5e80e79bbf76a4ee0b582e15466dc3b1'? y
rm: remove write-protected regular file 'hmiwa-labserver/.git/objects/14/0ee06d017c65aa3ad36d342127d964e14624f9'? y
rm: remove write-protected regular file 'hmiwa-labserver/.git/objects/01/5ff51d0ca267917b4e648eaa90295060aebb5d'? y
rm: remove write-protected regular file 'hmiwa-labserver/.git/objects/b9/20d94352bec2618d380f6a0984efab222ac1ee'? y
rm: remove write-protected regular file 'hmiwa-labserver/.git/objects/b9/32fa67c218a94abd2c7cc3f123b01622bba62d'? y
rm: remove write-protected regular file 'hmiwa-labserver/.git/objects/b9/97c7d929e313a61821eef6c5519695f2ddc0ae'? y
rm: remove write-protected regular file 'hmiwa-labserver/.git/objects/6a/6e7546bd394a8c711080f4c888eb9744a54efb'? y
rm: remove write-protected regular file 'hmiwa-labserver/.git/objects/c5/74673b5d1eb04e9ecb144671dcb79c2ceba79b'? y
rm: remove write-protected regular file 'hmiwa-labserver/.git/objects/5b/52ae0bac090e3c1a6f56944f43566090712972'? y
rm: remove write-protected regular file 'hmiwa-labserver/.git/objects/5b/fad2b3f8e483b6b173d8aaff19597e84626f15'? y
rm: remove write-protected regular file 'hmiwa-labserver/.git/objects/0a/e05ec6cbf07635a6e02b968af61971b68d584f'? y
rm: remove write-protected regular file 'hmiwa-labserver/.git/objects/pack/pack-0c16adf4e082b064d2119225ae0ddb1a293cab24.idx'? y
rm: remove write-protected regular file 'hmiwa-labserver/.git/objects/pack/pack-0c16adf4e082b064d2119225ae0ddb1a293cab24.pack'? y
rm: remove write-protected regular file 'hmiwa-labserver/.git/objects/da/cc65f938fde207c4e1926f7a700ff15b8ab38c'? y
rm: remove write-protected regular file 'hmiwa-labserver/.git/objects/f0/94ba6eb731a9047b275f3c2c0966894a812ce9'? y
rm: remove write-protected regular file 'hmiwa-labserver/.git/objects/72/ff268a5475c8f307dc73218fbd2451caa331fe'? y
rm: remove write-protected regular file 'hmiwa-labserver/.git/objects/72/e8678027dd5804363c1877caef3ceb3a653eb3'? y
rm: remove write-protected regular file 'hmiwa-labserver/.git/objects/70/a28d35682a45461658230f98a7082e043c46a2'? y
rm: remove write-protected regular file 'hmiwa-labserver/.git/objects/70/5435e4537404c94894f898f0b94741c4dc518d'? y
rm: remove write-protected regular file 'hmiwa-labserver/.git/objects/70/65ec033d669784f4ec976c769e2a6e9ecb4ff0'? y
rm: remove write-protected regular file 'hmiwa-labserver/.git/objects/a0/f270c75a25e1800b9cd702967ac332f439cc24'? y
rm: remove write-protected regular file 'hmiwa-labserver/.git/objects/eb/7dc623eb494b3942e8fd7dae50a15eed92bdd9'? y
rm: remove write-protected regular file 'hmiwa-labserver/.git/objects/35/d345d8a0131156c2b87c17ccfe1d70044f6b2a'? y
rm: remove write-protected regular file 'hmiwa-labserver/.git/objects/35/4b55aae2447f3afe3e17bc97f35e86a37641ab'? y
rm: remove write-protected regular file 'hmiwa-labserver/.git/objects/b5/e0b3cd9283a120eb149c10211634df7923755d'? y
rm: remove write-protected regular file 'hmiwa-labserver/.git/objects/7c/07fcb4da6327a4191b620ebbae819b5422796c'? y
rm: remove write-protected regular file 'hmiwa-labserver/.git/objects/42/5b6e971812391ed72fd80cfb2875afddfd6a8f'? y
rm: remove write-protected regular file 'hmiwa-labserver/.git/objects/42/90174b1ce2f75aba8a3240fefb3961804aaaa0'? y
rm: remove write-protected regular file 'hmiwa-labserver/.git/objects/74/b1e687a1e6ea46ed132492d8b408fa2ea54b6a'? y
rm: remove write-protected regular file 'hmiwa-labserver/.git/objects/c8/0dd59311e25d1c1cb7f2ec43ef01b5f18e2f89'? y
rm: remove write-protected regular file 'hmiwa-labserver/.git/objects/c8/d17c5c6985554f19b850f55684ab9b94ba2fe6'? y
rm: remove write-protected regular file 'hmiwa-labserver/.git/objects/59/fa0f69a73dcc214a2bb57c14f7cf026739e741'? y
rm: remove write-protected regular file 'hmiwa-labserver/.git/objects/a1/67df5c6984d21682d1dee7efdf056bc262f5c4'? y
rm: remove write-protected regular file 'hmiwa-labserver/.git/objects/a1/fa8c12b5907d233e8135b949236a68bd51b999'? y
rm: remove write-protected regular file 'hmiwa-labserver/.git/objects/3c/0d047a37879f5835d205a7fc5b45df08d39663'? y
rm: remove write-protected regular file 'hmiwa-labserver/.git/objects/53/66aa3da627e4a7227b8d3d5fcf0d5f2c56dbe7'? y
rm: remove write-protected regular file 'hmiwa-labserver/.git/objects/86/69cd377eef98d25d99d3c6ee0f062db060b0fd'? y
rm: remove write-protected regular file 'hmiwa-labserver/.git/objects/86/dd8644526ba20fbf7d76a2426ba366a15a9602'? y
rm: remove write-protected regular file 'hmiwa-labserver/.git/objects/45/c781a3efa9d0ddccd593bb8c7701848bc26ea7'? y
rm: remove write-protected regular file 'hmiwa-labserver/.git/objects/2d/d98469e47500ccc61fea4513a66b1cafa5b500'? y
rm: remove write-protected regular file 'hmiwa-labserver/.git/objects/9c/191c3a73ff6b20091542aceb282785c2b2634c'? y
rm: remove write-protected regular file 'hmiwa-labserver/.git/objects/ff/c1005c20db586a7fbcc6fbfa1d71b9541b267f'? y
rm: remove write-protected regular file 'hmiwa-labserver/.git/objects/ff/156d1e0ef978ea969dc1289683239b0f5a1a02'? y
rm: remove write-protected regular file 'hmiwa-labserver/.git/objects/41/bbf693c479a8643e00335bec11d89cea7a0435'? y
rm: remove write-protected regular file 'hmiwa-labserver/.git/objects/00/594960ef6df56138a7bb2df6133ac56789d8ee'? y
rm: remove write-protected regular file 'hmiwa-labserver/.git/objects/00/4bfcfd92258072a611220ebfe6ca5258d79e74'? y
rm: remove write-protected regular file 'hmiwa-labserver/.git/objects/f2/d7ddd8312ad9eaa25f83bf366d786bff0178bc'? y
rm: remove write-protected regular file 'hmiwa-labserver/.git/objects/27/a5f1f89bfb6923a5ffb751e65c3f9cd683b291'? y
rm: remove write-protected regular file 'hmiwa-labserver/.git/objects/3b/a75824ae29203149155df16ef4be738bd38651'? y
rm: remove write-protected regular file 'hmiwa-labserver/.git/objects/d5/f1b7a523b263b1e696bbedd553de37fb1aa945'? y
rm: remove write-protected regular file 'hmiwa-labserver/.git/objects/d5/56167ac35565054c0e47c521bb17d562d3fb3a'? y
rm: remove write-protected regular file 'hmiwa-labserver/.git/objects/d5/64d0bc3dd917926892c55e3706cc116d5b165e'? y
rm: remove write-protected regular file 'hmiwa-labserver/.git/objects/8a/3a28c1341ffff7a98b05eaa9df526debeb6678'? y
rm: remove write-protected regular file 'hmiwa-labserver/.git/objects/d3/063556c87a5b763e43057f5e0b91d5e150f970'? y
rm: remove write-protected regular file 'hmiwa-labserver/.git/objects/91/4267f77d72ae987d499ed1dd9c1359fb102137'? y
rm: remove write-protected regular file 'hmiwa-labserver/.git/objects/c0/64689298f69e7d65514eb43bc944fdc4a60836'? y
rm: remove write-protected regular file 'hmiwa-labserver/.git/objects/b1/76e8000526b6bd840b15cbbbec1ede2a2f86e9'? y
rm: remove write-protected regular file 'hmiwa-labserver/.git/objects/1f/7761370d798dfc77e78f48c9bf8609540d6228'? y
rm: remove write-protected regular file 'hmiwa-labserver/.git/objects/e9/25b802ad20083ed79e5ffad5ee7074bf21e735'? y
rm: remove write-protected regular file 'hmiwa-labserver/.git/objects/78/59b24c466810d8da451c9a002161c4a48dc0ba'? y
rm: remove write-protected regular file 'hmiwa-labserver/.git/objects/78/1ab24ea7a658f45420b3556122c6fa906857d3'? y
rm: remove write-protected regular file 'hmiwa-labserver/.git/objects/78/fc3d27f0e7d962d3c9b6e24e896cb6960ee8ea'? y
rm: remove write-protected regular file 'hmiwa-labserver/.git/objects/ec/eadca5a263bd09f26154630ae7dee4058a7efd'? y
rm: remove write-protected regular file 'hmiwa-labserver/.git/objects/65/714d84ed8d26fc006916290bd67497a3f2d80f'? y
rm: remove write-protected regular file 'hmiwa-labserver/.git/objects/64/2ff1e401acac604f6e17c7ddc4b76cfae9ad3a'? y
rm: remove write-protected regular file 'hmiwa-labserver/.git/objects/02/7c17da0ec28f764a178cc2efa8a47f64a96e18'? y
rm: remove write-protected regular file 'hmiwa-labserver/.git/objects/92/baef7ebb689963b4e8692bcba355da55cec23f'? y
rm: remove write-protected regular file 'hmiwa-labserver/.git/objects/12/bb49c2ac9c1d2f59e8ef14025beceba02b3761'? y
rm: remove write-protected regular file 'hmiwa-labserver/.git/objects/e6/efb5739c87d81139482d12fd78218e78badf03'? y
rm: remove write-protected regular file 'hmiwa-labserver/.git/objects/e6/9de29bb2d1d6434b8b29ae775ad8c2e48c5391'? y
rm: remove write-protected regular file 'hmiwa-labserver/.git/objects/0c/046416e058cc4848d088945f443141832415ed'? y
rm: remove write-protected regular file 'hmiwa-labserver/.git/objects/4f/4f406b6d04f8a77118c97efd5bc5b395bfb8c1'? y
hmiwa@humgendiv:~/hmiwa$ ls
m_20211215  white.rsa
hmiwa@humgendiv:~/hmiwa$ git clone git@github.com:humgendiv/hmiwa-lab.git
Cloning into 'hmiwa-lab'...
Enter passphrase for key '/home/hmiwa/.ssh/id_rsa': 
remote: Enumerating objects: 328, done.
remote: Counting objects: 100% (47/47), done.
remote: Compressing objects: 100% (37/37), done.
remote: Total 328 (delta 19), reused 31 (delta 9), pack-reused 281
Receiving objects: 100% (328/328), 76.80 MiB | 11.14 MiB/s, done.
Resolving deltas: 100% (120/120), done.
hmiwa@humgendiv:~/hmiwa$ ls
hmiwa-lab  m_20211215  white.rsa
hmiwa@humgendiv:~/hmiwa$ cd hmiwa-lab
hmiwa@humgendiv:~/hmiwa/hmiwa-lab$ ls
d_20231023  hmiwa-labserver  README.md
hmiwa@humgendiv:~/hmiwa/hmiwa-lab$ cd d_20231023
hmiwa@humgendiv:~/hmiwa/hmiwa-lab/d_20231023$ ls
01_231025_TutorialPRS  02_231105_TutorialPRS  99_log  README.md
hmiwa@humgendiv:~/hmiwa/hmiwa-lab/d_20231023$ cd 02_231105_TutorialPRS
hmiwa@humgendiv:~/hmiwa/hmiwa-lab/d_20231023/02_231105_TutorialPRS$ ls
README.md
hmiwa@humgendiv:~/hmiwa/hmiwa-lab/d_20231023/02_231105_TutorialPRS$ jupyter notebook
[I 2023-11-05 23:00:34.423 ServerApp] Package notebook took 0.0000s to import
[I 2023-11-05 23:00:34.430 ServerApp] Package jupyter_lsp took 0.0065s to import
[W 2023-11-05 23:00:34.430 ServerApp] A `_jupyter_server_extension_points` function was not found in jupyter_lsp. Instead, a `_jupyter_server_extension_paths` function was found and will be used for now. This function name will be deprecated in future releases of Jupyter Server.
[I 2023-11-05 23:00:34.433 ServerApp] Package jupyter_server_terminals took 0.0030s to import
[I 2023-11-05 23:00:34.434 ServerApp] Package jupyterlab took 0.0000s to import
[I 2023-11-05 23:00:34.453 ServerApp] Package notebook_shim took 0.0000s to import
[W 2023-11-05 23:00:34.453 ServerApp] A `_jupyter_server_extension_points` function was not found in notebook_shim. Instead, a `_jupyter_server_extension_paths` function was found and will be used for now. This function name will be deprecated in future releases of Jupyter Server.
[I 2023-11-05 23:00:34.454 ServerApp] jupyter_lsp | extension was successfully linked.
[I 2023-11-05 23:00:34.457 ServerApp] jupyter_server_terminals | extension was successfully linked.
[I 2023-11-05 23:00:34.461 ServerApp] jupyterlab | extension was successfully linked.
[I 2023-11-05 23:00:34.464 ServerApp] notebook | extension was successfully linked.
[I 2023-11-05 23:00:34.617 ServerApp] notebook_shim | extension was successfully linked.
[I 2023-11-05 23:00:34.629 ServerApp] notebook_shim | extension was successfully loaded.
[I 2023-11-05 23:00:34.631 ServerApp] jupyter_lsp | extension was successfully loaded.
[I 2023-11-05 23:00:34.632 ServerApp] jupyter_server_terminals | extension was successfully loaded.
[I 2023-11-05 23:00:34.633 LabApp] JupyterLab extension loaded from /home/hmiwa/.local/lib/python3.10/site-packages/jupyterlab
[I 2023-11-05 23:00:34.633 LabApp] JupyterLab application directory is /home/hmiwa/.local/share/jupyter/lab
[I 2023-11-05 23:00:34.633 LabApp] Extension Manager is 'pypi'.
[I 2023-11-05 23:00:34.635 ServerApp] jupyterlab | extension was successfully loaded.
[I 2023-11-05 23:00:34.637 ServerApp] notebook | extension was successfully loaded.
[I 2023-11-05 23:00:34.637 ServerApp] Serving notebooks from local directory: /home/hmiwa/hmiwa/hmiwa-lab/d_20231023/02_231105_TutorialPRS
[I 2023-11-05 23:00:34.637 ServerApp] Jupyter Server 2.9.1 is running at:
[I 2023-11-05 23:00:34.637 ServerApp] http://localhost:8888/tree?token=3f89085ec54628fe30eb04f4f834c2b4232737732b4ccb46
[I 2023-11-05 23:00:34.637 ServerApp]     http://127.0.0.1:8888/tree?token=3f89085ec54628fe30eb04f4f834c2b4232737732b4ccb46
[I 2023-11-05 23:00:34.637 ServerApp] Use Control-C to stop this server and shut down all kernels (twice to skip confirmation).
[W 2023-11-05 23:00:34.640 ServerApp] No web browser found: Error('could not locate runnable browser').
[C 2023-11-05 23:00:34.640 ServerApp] 
    
    To access the server, open this file in a browser:
        file:///home/hmiwa/.local/share/jupyter/runtime/jpserver-1125441-open.html
    Or copy and paste one of these URLs:
        http://localhost:8888/tree?token=3f89085ec54628fe30eb04f4f834c2b4232737732b4ccb46
        http://127.0.0.1:8888/tree?token=3f89085ec54628fe30eb04f4f834c2b4232737732b4ccb46
[I 2023-11-05 23:00:34.871 ServerApp] Skipped non-installed server(s): bash-language-server, dockerfile-language-server-nodejs, javascript-typescript-langserver, jedi-language-server, julia-language-server, pyright, python-language-server, python-lsp-server, r-languageserver, sql-language-server, texlab, typescript-language-server, unified-language-server, vscode-css-languageserver-bin, vscode-html-languageserver-bin, vscode-json-languageserver-bin, yaml-language-server
[I 2023-11-05 23:00:59.533 ServerApp] Creating new notebook in 
[I 2023-11-05 23:00:59.610 ServerApp] Writing notebook-signing key to /home/hmiwa/.local/share/jupyter/notebook_secret
[I 2023-11-05 23:01:31.527 ServerApp] Shutting down on /api/shutdown request.
[I 2023-11-05 23:01:31.528 ServerApp] Shutting down 5 extensions
hmiwa@humgendiv:~/hmiwa/hmiwa-lab/d_20231023/02_231105_TutorialPRS$ channel 7: open failed: connect failed: Connection refused
channel 7: open failed: connect failed: Connection refused
^C
hmiwa@humgendiv:~/hmiwa/hmiwa-lab/d_20231023/02_231105_TutorialPRS$ channel 3: open failed: connect failed: Connection refused
channel 4: open failed: connect failed: Connection refused
channel 3: open failed: connect failed: Connection refused
channel 3: open failed: connect failed: Connection refused
channel 4: open failed: connect failed: Connection refused
channel 5: open failed: connect failed: Connection refused
channel 6: open failed: connect failed: Connection refused
channel 7: open failed: connect failed: Connection refused
channel 8: open failed: connect failed: Connection refused
channel 9: open failed: connect failed: Connection refused
channel 3: open failed: connect failed: Connection refused
channel 3: open failed: connect failed: Connection refused
channel 3: open failed: connect failed: Connection refused
channel 3: open failed: connect failed: Connection refused
channel 3: open failed: connect failed: Connection refused
^C
hmiwa@humgendiv:~/hmiwa/hmiwa-lab/d_20231023/02_231105_TutorialPRS$ channel 3: open failed: connect failed: Connection refused
channel 3: open failed: connect failed: Connection refused
channel 3: open failed: connect failed: Connection refused
^C
hmiwa@humgendiv:~/hmiwa/hmiwa-lab/d_20231023/02_231105_TutorialPRS$ 
hmiwa@humgendiv:~/hmiwa/hmiwa-lab/d_20231023/02_231105_TutorialPRS$ 
hmiwa@humgendiv:~/hmiwa/hmiwa-lab/d_20231023/02_231105_TutorialPRS$ pip install bash_kernel
Defaulting to user installation because normal site-packages is not writeable
Collecting bash_kernel
  Downloading bash_kernel-0.9.1-py2.py3-none-any.whl (11 kB)
Requirement already satisfied: ipykernel in /home/hmiwa/.local/lib/python3.10/site-packages (from bash_kernel) (6.26.0)
Requirement already satisfied: pexpect>=4.0 in /usr/lib/python3/dist-packages (from bash_kernel) (4.8.0)
Requirement already satisfied: tornado>=6.1 in /home/hmiwa/.local/lib/python3.10/site-packages (from ipykernel->bash_kernel) (6.3.3)
Requirement already satisfied: traitlets>=5.4.0 in /home/hmiwa/.local/lib/python3.10/site-packages (from ipykernel->bash_kernel) (5.13.0)
Requirement already satisfied: packaging in /home/hmiwa/.local/lib/python3.10/site-packages (from ipykernel->bash_kernel) (23.1)
Requirement already satisfied: jupyter-client>=6.1.12 in /home/hmiwa/.local/lib/python3.10/site-packages (from ipykernel->bash_kernel) (8.5.0)
Requirement already satisfied: ipython>=7.23.1 in /home/hmiwa/.local/lib/python3.10/site-packages (from ipykernel->bash_kernel) (8.17.2)
Requirement already satisfied: matplotlib-inline>=0.1 in /home/hmiwa/.local/lib/python3.10/site-packages (from ipykernel->bash_kernel) (0.1.6)
Requirement already satisfied: pyzmq>=20 in /home/hmiwa/.local/lib/python3.10/site-packages (from ipykernel->bash_kernel) (25.1.1)
Requirement already satisfied: psutil in /home/hmiwa/.local/lib/python3.10/site-packages (from ipykernel->bash_kernel) (5.9.6)
Requirement already satisfied: nest-asyncio in /home/hmiwa/.local/lib/python3.10/site-packages (from ipykernel->bash_kernel) (1.5.8)
Requirement already satisfied: jupyter-core!=5.0.*,>=4.12 in /home/hmiwa/.local/lib/python3.10/site-packages (from ipykernel->bash_kernel) (5.5.0)
Requirement already satisfied: debugpy>=1.6.5 in /home/hmiwa/.local/lib/python3.10/site-packages (from ipykernel->bash_kernel) (1.8.0)
Requirement already satisfied: comm>=0.1.1 in /home/hmiwa/.local/lib/python3.10/site-packages (from ipykernel->bash_kernel) (0.1.4)
Requirement already satisfied: decorator in /home/hmiwa/.local/lib/python3.10/site-packages (from ipython>=7.23.1->ipykernel->bash_kernel) (5.1.1)
Requirement already satisfied: exceptiongroup in /home/hmiwa/.local/lib/python3.10/site-packages (from ipython>=7.23.1->ipykernel->bash_kernel) (1.1.3)
Requirement already satisfied: pygments>=2.4.0 in /usr/lib/python3/dist-packages (from ipython>=7.23.1->ipykernel->bash_kernel) (2.11.2)
Requirement already satisfied: prompt-toolkit!=3.0.37,<3.1.0,>=3.0.30 in /home/hmiwa/.local/lib/python3.10/site-packages (from ipython>=7.23.1->ipykernel->bash_kernel) (3.0.39)
Requirement already satisfied: stack-data in /home/hmiwa/.local/lib/python3.10/site-packages (from ipython>=7.23.1->ipykernel->bash_kernel) (0.6.3)
Requirement already satisfied: jedi>=0.16 in /home/hmiwa/.local/lib/python3.10/site-packages (from ipython>=7.23.1->ipykernel->bash_kernel) (0.19.1)
Requirement already satisfied: python-dateutil>=2.8.2 in /home/hmiwa/.local/lib/python3.10/site-packages (from jupyter-client>=6.1.12->ipykernel->bash_kernel) (2.8.2)
Requirement already satisfied: platformdirs>=2.5 in /home/hmiwa/.local/lib/python3.10/site-packages (from jupyter-core!=5.0.*,>=4.12->ipykernel->bash_kernel) (3.11.0)
Requirement already satisfied: parso<0.9.0,>=0.8.3 in /home/hmiwa/.local/lib/python3.10/site-packages (from jedi>=0.16->ipython>=7.23.1->ipykernel->bash_kernel) (0.8.3)
Requirement already satisfied: wcwidth in /home/hmiwa/.local/lib/python3.10/site-packages (from prompt-toolkit!=3.0.37,<3.1.0,>=3.0.30->ipython>=7.23.1->ipykernel->bash_kernel) (0.2.9)
Requirement already satisfied: six>=1.5 in /usr/lib/python3/dist-packages (from python-dateutil>=2.8.2->jupyter-client>=6.1.12->ipykernel->bash_kernel) (1.16.0)
Requirement already satisfied: asttokens>=2.1.0 in /home/hmiwa/.local/lib/python3.10/site-packages (from stack-data->ipython>=7.23.1->ipykernel->bash_kernel) (2.4.1)
Requirement already satisfied: executing>=1.2.0 in /home/hmiwa/.local/lib/python3.10/site-packages (from stack-data->ipython>=7.23.1->ipykernel->bash_kernel) (2.0.1)
Requirement already satisfied: pure-eval in /home/hmiwa/.local/lib/python3.10/site-packages (from stack-data->ipython>=7.23.1->ipykernel->bash_kernel) (0.2.2)
Installing collected packages: bash_kernel
Successfully installed bash_kernel-0.9.1
hmiwa@humgendiv:~/hmiwa/hmiwa-lab/d_20231023/02_231105_TutorialPRS$ python -m bash_kernel.install
Installing IPython kernel spec
hmiwa@humgendiv:~/hmiwa/hmiwa-lab/d_20231023/02_231105_TutorialPRS$ jupyter notebook
[I 2023-11-05 23:03:49.273 ServerApp] Package notebook took 0.0000s to import
[I 2023-11-05 23:03:49.279 ServerApp] Package jupyter_lsp took 0.0064s to import
[W 2023-11-05 23:03:49.279 ServerApp] A `_jupyter_server_extension_points` function was not found in jupyter_lsp. Instead, a `_jupyter_server_extension_paths` function was found and will be used for now. This function name will be deprecated in future releases of Jupyter Server.
[I 2023-11-05 23:03:49.283 ServerApp] Package jupyter_server_terminals took 0.0029s to import
[I 2023-11-05 23:03:49.283 ServerApp] Package jupyterlab took 0.0000s to import
[I 2023-11-05 23:03:49.302 ServerApp] Package notebook_shim took 0.0000s to import
[W 2023-11-05 23:03:49.302 ServerApp] A `_jupyter_server_extension_points` function was not found in notebook_shim. Instead, a `_jupyter_server_extension_paths` function was found and will be used for now. This function name will be deprecated in future releases of Jupyter Server.
[I 2023-11-05 23:03:49.303 ServerApp] jupyter_lsp | extension was successfully linked.
[I 2023-11-05 23:03:49.306 ServerApp] jupyter_server_terminals | extension was successfully linked.
[I 2023-11-05 23:03:49.309 ServerApp] jupyterlab | extension was successfully linked.
[I 2023-11-05 23:03:49.313 ServerApp] notebook | extension was successfully linked.
[I 2023-11-05 23:03:49.465 ServerApp] notebook_shim | extension was successfully linked.
[I 2023-11-05 23:03:49.476 ServerApp] notebook_shim | extension was successfully loaded.
[I 2023-11-05 23:03:49.478 ServerApp] jupyter_lsp | extension was successfully loaded.
[I 2023-11-05 23:03:49.479 ServerApp] jupyter_server_terminals | extension was successfully loaded.
[I 2023-11-05 23:03:49.480 LabApp] JupyterLab extension loaded from /home/hmiwa/.local/lib/python3.10/site-packages/jupyterlab
[I 2023-11-05 23:03:49.480 LabApp] JupyterLab application directory is /home/hmiwa/.local/share/jupyter/lab
[I 2023-11-05 23:03:49.480 LabApp] Extension Manager is 'pypi'.
[I 2023-11-05 23:03:49.482 ServerApp] jupyterlab | extension was successfully loaded.
[I 2023-11-05 23:03:49.484 ServerApp] notebook | extension was successfully loaded.
[I 2023-11-05 23:03:49.484 ServerApp] Serving notebooks from local directory: /home/hmiwa/hmiwa/hmiwa-lab/d_20231023/02_231105_TutorialPRS
[I 2023-11-05 23:03:49.484 ServerApp] Jupyter Server 2.9.1 is running at:
[I 2023-11-05 23:03:49.484 ServerApp] http://localhost:8888/tree?token=85a7dd5cc2c65cd3cd7958364a0e4416fba447f1bcc46912
[I 2023-11-05 23:03:49.484 ServerApp]     http://127.0.0.1:8888/tree?token=85a7dd5cc2c65cd3cd7958364a0e4416fba447f1bcc46912
[I 2023-11-05 23:03:49.484 ServerApp] Use Control-C to stop this server and shut down all kernels (twice to skip confirmation).
[W 2023-11-05 23:03:49.487 ServerApp] No web browser found: Error('could not locate runnable browser').
[C 2023-11-05 23:03:49.487 ServerApp] 
    
    To access the server, open this file in a browser:
        file:///home/hmiwa/.local/share/jupyter/runtime/jpserver-1125573-open.html
    Or copy and paste one of these URLs:
        http://localhost:8888/tree?token=85a7dd5cc2c65cd3cd7958364a0e4416fba447f1bcc46912
        http://127.0.0.1:8888/tree?token=85a7dd5cc2c65cd3cd7958364a0e4416fba447f1bcc46912
[I 2023-11-05 23:03:49.686 ServerApp] Skipped non-installed server(s): bash-language-server, dockerfile-language-server-nodejs, javascript-typescript-langserver, jedi-language-server, julia-language-server, pyright, python-language-server, python-lsp-server, r-languageserver, sql-language-server, texlab, typescript-language-server, unified-language-server, vscode-css-languageserver-bin, vscode-html-languageserver-bin, vscode-json-languageserver-bin, yaml-language-server
[I 2023-11-05 23:04:12.284 ServerApp] Kernel started: 13e46d43-6eb2-451a-8db3-1c48433da1ed
[I 2023-11-05 23:04:15.002 ServerApp] Connecting to kernel 13e46d43-6eb2-451a-8db3-1c48433da1ed.
[IPKernelApp] WARNING | Unknown message type: 'comm_open'
[IPKernelApp] WARNING | Unknown message type: 'comm_msg'
[I 2023-11-05 23:06:08.803 ServerApp] Saving file at /02_231105_TutorialPRS.ipynb
[W 2023-11-05 23:07:26.186 ServerApp] 400 GET /api/contents/GWA_tutorial/1_QC_GWAS.zip?type=file&content=1&format=text&1699193246107 (127.0.0.1): /home/hmiwa/hmiwa/hmiwa-lab/d_20231023/02_231105_TutorialPRS/GWA_tutorial/1_QC_GWAS.zip is not UTF-8 encoded
[W 2023-11-05 23:07:26.187 ServerApp] wrote error: '/home/hmiwa/hmiwa/hmiwa-lab/d_20231023/02_231105_TutorialPRS/GWA_tutorial/1_QC_GWAS.zip is not UTF-8 encoded'
    Traceback (most recent call last):
      File "/home/hmiwa/.local/lib/python3.10/site-packages/jupyter_server/services/contents/fileio.py", line 432, in _read_file
        return bcontent.decode("utf8"), "text"
    UnicodeDecodeError: 'utf-8' codec can't decode byte 0xd2 in position 14: invalid continuation byte
    
    The above exception was the direct cause of the following exception:
    
    Traceback (most recent call last):
      File "/home/hmiwa/.local/lib/python3.10/site-packages/tornado/web.py", line 1786, in _execute
        result = await result
      File "/home/hmiwa/.local/lib/python3.10/site-packages/jupyter_server/services/contents/handlers.py", line 121, in get
        model = await ensure_async(
      File "/home/hmiwa/.local/lib/python3.10/site-packages/jupyter_core/utils/__init__.py", line 189, in ensure_async
        result = await obj
      File "/home/hmiwa/.local/lib/python3.10/site-packages/jupyter_server/services/contents/filemanager.py", line 879, in get
        model = await self._file_model(path, content=content, format=format)
      File "/home/hmiwa/.local/lib/python3.10/site-packages/jupyter_server/services/contents/filemanager.py", line 801, in _file_model
        content, format = await self._read_file(os_path, format)
      File "/home/hmiwa/.local/lib/python3.10/site-packages/jupyter_server/services/contents/fileio.py", line 435, in _read_file
        raise HTTPError(
    tornado.web.HTTPError: HTTP 400: bad format (/home/hmiwa/hmiwa/hmiwa-lab/d_20231023/02_231105_TutorialPRS/GWA_tutorial/1_QC_GWAS.zip is not UTF-8 encoded)
[W 2023-11-05 23:07:26.189 ServerApp] 400 GET /api/contents/GWA_tutorial/1_QC_GWAS.zip?type=file&content=1&format=text&1699193246107 (5f31983329524e75bc48f01ff9501a37@127.0.0.1) 66.96ms referer=http://127.0.0.1:8888/tree/GWA_tutorial
[W 2023-11-05 23:07:27.822 ServerApp] 400 GET /api/contents/GWA_tutorial/1_QC_GWAS.zip?type=file&content=1&format=text&1699193247726 (127.0.0.1): /home/hmiwa/hmiwa/hmiwa-lab/d_20231023/02_231105_TutorialPRS/GWA_tutorial/1_QC_GWAS.zip is not UTF-8 encoded
[W 2023-11-05 23:07:27.822 ServerApp] wrote error: '/home/hmiwa/hmiwa/hmiwa-lab/d_20231023/02_231105_TutorialPRS/GWA_tutorial/1_QC_GWAS.zip is not UTF-8 encoded'
    Traceback (most recent call last):
      File "/home/hmiwa/.local/lib/python3.10/site-packages/jupyter_server/services/contents/fileio.py", line 432, in _read_file
        return bcontent.decode("utf8"), "text"
    UnicodeDecodeError: 'utf-8' codec can't decode byte 0xd2 in position 14: invalid continuation byte
    
    The above exception was the direct cause of the following exception:
    
    Traceback (most recent call last):
      File "/home/hmiwa/.local/lib/python3.10/site-packages/tornado/web.py", line 1786, in _execute
        result = await result
      File "/home/hmiwa/.local/lib/python3.10/site-packages/jupyter_server/services/contents/handlers.py", line 121, in get
        model = await ensure_async(
      File "/home/hmiwa/.local/lib/python3.10/site-packages/jupyter_core/utils/__init__.py", line 189, in ensure_async
        result = await obj
      File "/home/hmiwa/.local/lib/python3.10/site-packages/jupyter_server/services/contents/filemanager.py", line 879, in get
        model = await self._file_model(path, content=content, format=format)
      File "/home/hmiwa/.local/lib/python3.10/site-packages/jupyter_server/services/contents/filemanager.py", line 801, in _file_model
        content, format = await self._read_file(os_path, format)
      File "/home/hmiwa/.local/lib/python3.10/site-packages/jupyter_server/services/contents/fileio.py", line 435, in _read_file
        raise HTTPError(
    tornado.web.HTTPError: HTTP 400: bad format (/home/hmiwa/hmiwa/hmiwa-lab/d_20231023/02_231105_TutorialPRS/GWA_tutorial/1_QC_GWAS.zip is not UTF-8 encoded)
[W 2023-11-05 23:07:27.823 ServerApp] 400 GET /api/contents/GWA_tutorial/1_QC_GWAS.zip?type=file&content=1&format=text&1699193247726 (5f31983329524e75bc48f01ff9501a37@127.0.0.1) 76.66ms referer=http://127.0.0.1:8888/edit/GWA_tutorial/1_QC_GWAS.zip
[I 2023-11-05 23:08:08.894 ServerApp] Saving file at /02_231105_TutorialPRS.ipynb
[I 2023-11-05 23:10:08.989 ServerApp] Saving file at /02_231105_TutorialPRS.ipynb
[I 2023-11-05 23:12:09.074 ServerApp] Saving file at /02_231105_TutorialPRS.ipynb
[I 2023-11-05 23:14:09.158 ServerApp] Saving file at /02_231105_TutorialPRS.ipynb
[W 2023-11-05 23:17:15.447 ServerApp] 400 GET /api/contents/GWA_tutorial/1_QC_GWAS/1_Main_script_QC_GWAS.txt?type=file&content=1&format=text&1699193835417 (127.0.0.1): /home/hmiwa/hmiwa/hmiwa-lab/d_20231023/02_231105_TutorialPRS/GWA_tutorial/1_QC_GWAS/1_Main_script_QC_GWAS.txt is not UTF-8 encoded
[W 2023-11-05 23:17:15.448 ServerApp] wrote error: '/home/hmiwa/hmiwa/hmiwa-lab/d_20231023/02_231105_TutorialPRS/GWA_tutorial/1_QC_GWAS/1_Main_script_QC_GWAS.txt is not UTF-8 encoded'
    Traceback (most recent call last):
      File "/home/hmiwa/.local/lib/python3.10/site-packages/jupyter_server/services/contents/fileio.py", line 432, in _read_file
        return bcontent.decode("utf8"), "text"
    UnicodeDecodeError: 'utf-8' codec can't decode byte 0x91 in position 1857: invalid start byte
    
    The above exception was the direct cause of the following exception:
    
    Traceback (most recent call last):
      File "/home/hmiwa/.local/lib/python3.10/site-packages/tornado/web.py", line 1786, in _execute
        result = await result
      File "/home/hmiwa/.local/lib/python3.10/site-packages/jupyter_server/services/contents/handlers.py", line 121, in get
        model = await ensure_async(
      File "/home/hmiwa/.local/lib/python3.10/site-packages/jupyter_core/utils/__init__.py", line 189, in ensure_async
        result = await obj
      File "/home/hmiwa/.local/lib/python3.10/site-packages/jupyter_server/services/contents/filemanager.py", line 879, in get
        model = await self._file_model(path, content=content, format=format)
      File "/home/hmiwa/.local/lib/python3.10/site-packages/jupyter_server/services/contents/filemanager.py", line 801, in _file_model
        content, format = await self._read_file(os_path, format)
      File "/home/hmiwa/.local/lib/python3.10/site-packages/jupyter_server/services/contents/fileio.py", line 435, in _read_file
        raise HTTPError(
    tornado.web.HTTPError: HTTP 400: bad format (/home/hmiwa/hmiwa/hmiwa-lab/d_20231023/02_231105_TutorialPRS/GWA_tutorial/1_QC_GWAS/1_Main_script_QC_GWAS.txt is not UTF-8 encoded)
[W 2023-11-05 23:17:15.449 ServerApp] 400 GET /api/contents/GWA_tutorial/1_QC_GWAS/1_Main_script_QC_GWAS.txt?type=file&content=1&format=text&1699193835417 (5f31983329524e75bc48f01ff9501a37@127.0.0.1) 16.62ms referer=http://127.0.0.1:8888/tree/GWA_tutorial/1_QC_GWAS
[W 2023-11-05 23:17:17.074 ServerApp] 400 GET /api/contents/GWA_tutorial/1_QC_GWAS/1_Main_script_QC_GWAS.txt?type=file&content=1&format=text&1699193837044 (127.0.0.1): /home/hmiwa/hmiwa/hmiwa-lab/d_20231023/02_231105_TutorialPRS/GWA_tutorial/1_QC_GWAS/1_Main_script_QC_GWAS.txt is not UTF-8 encoded
[W 2023-11-05 23:17:17.074 ServerApp] wrote error: '/home/hmiwa/hmiwa/hmiwa-lab/d_20231023/02_231105_TutorialPRS/GWA_tutorial/1_QC_GWAS/1_Main_script_QC_GWAS.txt is not UTF-8 encoded'
    Traceback (most recent call last):
      File "/home/hmiwa/.local/lib/python3.10/site-packages/jupyter_server/services/contents/fileio.py", line 432, in _read_file
        return bcontent.decode("utf8"), "text"
    UnicodeDecodeError: 'utf-8' codec can't decode byte 0x91 in position 1857: invalid start byte
    
    The above exception was the direct cause of the following exception:
    
    Traceback (most recent call last):
      File "/home/hmiwa/.local/lib/python3.10/site-packages/tornado/web.py", line 1786, in _execute
        result = await result
      File "/home/hmiwa/.local/lib/python3.10/site-packages/jupyter_server/services/contents/handlers.py", line 121, in get
        model = await ensure_async(
      File "/home/hmiwa/.local/lib/python3.10/site-packages/jupyter_core/utils/__init__.py", line 189, in ensure_async
        result = await obj
      File "/home/hmiwa/.local/lib/python3.10/site-packages/jupyter_server/services/contents/filemanager.py", line 879, in get
        model = await self._file_model(path, content=content, format=format)
      File "/home/hmiwa/.local/lib/python3.10/site-packages/jupyter_server/services/contents/filemanager.py", line 801, in _file_model
        content, format = await self._read_file(os_path, format)
      File "/home/hmiwa/.local/lib/python3.10/site-packages/jupyter_server/services/contents/fileio.py", line 435, in _read_file
        raise HTTPError(
    tornado.web.HTTPError: HTTP 400: bad format (/home/hmiwa/hmiwa/hmiwa-lab/d_20231023/02_231105_TutorialPRS/GWA_tutorial/1_QC_GWAS/1_Main_script_QC_GWAS.txt is not UTF-8 encoded)
[W 2023-11-05 23:17:17.075 ServerApp] 400 GET /api/contents/GWA_tutorial/1_QC_GWAS/1_Main_script_QC_GWAS.txt?type=file&content=1&format=text&1699193837044 (5f31983329524e75bc48f01ff9501a37@127.0.0.1) 17.26ms referer=http://127.0.0.1:8888/edit/GWA_tutorial/1_QC_GWAS/1_Main_script_QC_GWAS.txt
[I 2023-11-05 23:18:09.454 ServerApp] Saving file at /02_231105_TutorialPRS.ipynb
[I 2023-11-05 23:20:09.552 ServerApp] Saving file at /02_231105_TutorialPRS.ipynb
[I 2023-11-05 23:22:09.751 ServerApp] Saving file at /02_231105_TutorialPRS.ipynb
[I 2023-11-05 23:24:09.861 ServerApp] Saving file at /02_231105_TutorialPRS.ipynb
[W 2023-11-05 23:25:27.752 ServerApp] delete /GWA_tutorial/1_QC_GWAS/histimiss.pdf
[W 2023-11-05 23:25:27.776 ServerApp] delete /GWA_tutorial/1_QC_GWAS/histlmiss.pdf
[W 2023-11-05 23:26:07.898 ServerApp] delete /GWA_tutorial/1_QC_GWAS/histlmiss.pdf
[I 2023-11-05 23:26:10.463 ServerApp] Saving file at /02_231105_TutorialPRS.ipynb
[I 2023-11-05 23:27:00.032 ServerApp] Saving file at /02_231105_TutorialPRS.ipynb
[W 2023-11-05 23:28:21.520 ServerApp] delete /GWA_tutorial/1_QC_GWAS/histlmiss.pdf
[I 2023-11-05 23:29:00.137 ServerApp] Saving file at /02_231105_TutorialPRS.ipynb
[I 2023-11-05 23:31:00.252 ServerApp] Saving file at /02_231105_TutorialPRS.ipynb
[I 2023-11-05 23:33:00.369 ServerApp] Saving file at /02_231105_TutorialPRS.ipynb
[I 2023-11-05 23:35:00.477 ServerApp] Saving file at /02_231105_TutorialPRS.ipynb
[I 2023-11-05 23:37:00.586 ServerApp] Saving file at /02_231105_TutorialPRS.ipynb
[I 2023-11-05 23:38:52.518 ServerApp] Saving file at /02_231105_TutorialPRS.ipynb
[I 2023-11-05 23:38:58.998 ServerApp] Saving file at /02_231105_TutorialPRS.ipynb
[I 2023-11-05 23:39:00.719 ServerApp] Saving file at /02_231105_TutorialPRS.ipynb
[I 2023-11-05 23:40:04.774 ServerApp] Saving file at /02_231105_TutorialPRS.ipynb
[I 2023-11-05 23:41:18.226 ServerApp] Saving file at /02_231105_TutorialPRS.ipynb
[I 2023-11-05 23:46:08.512 ServerApp] Saving file at /02_231105_TutorialPRS.ipynb
[I 2023-11-05 23:46:10.350 ServerApp] Saving file at /02_231105_TutorialPRS.ipynb
[I 2023-11-05 23:49:20.868 ServerApp] Kernel shutdown: 13e46d43-6eb2-451a-8db3-1c48433da1ed
[I 2023-11-05 23:49:21.158 ServerApp] Shutting down on /api/shutdown request.
[I 2023-11-05 23:49:21.159 ServerApp] Shutting down 5 extensions
hmiwa@humgendiv:~/hmiwa/hmiwa-lab/d_20231023/02_231105_TutorialPRS$ channel 8: open failed: connect failed: Connection refused
channel 8: open failed: connect failed: Connection refused
channel 8: open failed: connect failed: Connection refused
^C
hmiwa@humgendiv:~/hmiwa/hmiwa-lab/d_20231023/02_231105_TutorialPRS$ git add -A .
hmiwa@humgendiv:~/hmiwa/hmiwa-lab/d_20231023/02_231105_TutorialPRS$ git commit -m "[add] TutorialPRS 01_QC_GWAS Part1"
[main f4e08bb] [add] TutorialPRS 01_QC_GWAS Part1
 2 files changed, 1639 insertions(+)
 create mode 100644 d_20231023/02_231105_TutorialPRS/.ipynb_checkpoints/02_231105_TutorialPRS-checkpoint.ipynb
 create mode 100644 d_20231023/02_231105_TutorialPRS/02_231105_TutorialPRS.ipynb
hmiwa@humgendiv:~/hmiwa/hmiwa-lab/d_20231023/02_231105_TutorialPRS$ git push git@github.com:humgendiv/hmiwa-lab.git
Enter passphrase for key '/home/hmiwa/.ssh/id_rsa': 
Enumerating objects: 10, done.
Counting objects: 100% (10/10), done.
Delta compression using up to 64 threads
Compressing objects: 100% (7/7), done.
Writing objects: 100% (7/7), 8.50 KiB | 4.25 MiB/s, done.
Total 7 (delta 3), reused 0 (delta 0), pack-reused 0
remote: Resolving deltas: 100% (3/3), completed with 2 local objects.
To github.com:humgendiv/hmiwa-lab.git
   fde4d4d..f4e08bb  main -> main
hmiwa@humgendiv:~/hmiwa/hmiwa-lab/d_20231023/02_231105_TutorialPRS$ exit
logout
Connection to 133.11.2.58 closed.
hmiwa@hanakonoMacBook-Air 02_231105_TutorialPRS % 
