Last login: Sun Nov  5 23:20:17 on ttys001
hmiwa@dhcp3-131 02_231105_TutorialPRS % ssh hmiwa-lab
Enter passphrase for key '/Users/hmiwa/.ssh/id_rsa': 
bind [127.0.0.1]:8888: Address already in use
channel_setup_fwd_listener_tcpip: cannot listen to port: 8888
Could not request local forwarding.
ヒトゲノム多様性研究室のワークステーションへログインしました。
[OS: Ubuntu 22.04.3 LTS (GNU/Linux 6.2.0-32-generic x86_64)]

不明点はラボ内Slackの#serverチャンネルまで

*** System restart required ***
You have new mail.
Last login: Sun Nov  5 22:55:46 2023 from 133.11.3.131
hmiwa@humgendiv:~$ ls
bcftools-1.17  hmiwa  hmiwa1  homebrew  local  R  snap
hmiwa@humgendiv:~$ ls local
beagle.22Jul22.46e.jar  human_ancestor_GRCh37_e59          plink.GRCh37.map                 relate_v1.1.9_x86_64_dynamic.tgz  sprime
clues                   human_ancestor_GRCh37_e59.tar.bz2  plink.GRCh37.map.zip             relate_v1.1.9_x86_64_static
genetic_map_b37         PilotMask                          plink_linux_x86_64_20230116.zip  relate_v1.1.9_x86_64_static.tgz
genetic_map_b37.zip     plink                              relate                           selscan
hmiwa@humgendiv:~$ ls local/plink
LICENSE  plink  prettify  toy.map  toy.ped
hmiwa@humgendiv:~$ ls local/plink/plink
local/plink/plink
hmiwa@humgendiv:~$ exit
logout
Connection to 133.11.2.58 closed.
hmiwa@dhcp3-131 02_231105_TutorialPRS % git add -A .
hmiwa@dhcp3-131 02_231105_TutorialPRS % git commit -m "[add] TutorialPRS 01_QC_GWAS Part1"
[main 055e7e2] [add] TutorialPRS 01_QC_GWAS Part1
 1 file changed, 8374 insertions(+)
 create mode 100644 d_20231023/02_231105_TutorialPRS/02_231105_TutorialPRS.html
hmiwa@dhcp3-131 02_231105_TutorialPRS % git push git@github.com:humgendiv/hmiwa-lab.git
Enter passphrase for key '/Users/hmiwa/.ssh/id_rsa': 
To github.com:humgendiv/hmiwa-lab.git
 ! [rejected]        main -> main (fetch first)
error: failed to push some refs to 'github.com:humgendiv/hmiwa-lab.git'
hint: Updates were rejected because the remote contains work that you do
hint: not have locally. This is usually caused by another repository pushing
hint: to the same ref. You may want to first integrate the remote changes
hint: (e.g., 'git pull ...') before pushing again.
hint: See the 'Note about fast-forwards' in 'git push --help' for details.
hmiwa@dhcp3-131 02_231105_TutorialPRS % git pull git@github.com:humgendiv/hmiwa-lab.git
Enter passphrase for key '/Users/hmiwa/.ssh/id_rsa': 
remote: Enumerating objects: 10, done.
remote: Counting objects: 100% (10/10), done.
remote: Compressing objects: 100% (4/4), done.
remote: Total 7 (delta 3), reused 7 (delta 3), pack-reused 0
Unpacking objects: 100% (7/7), 8.48 KiB | 1.21 MiB/s, done.
From github.com:humgendiv/hmiwa-lab
 * branch            HEAD       -> FETCH_HEAD
hint: You have divergent branches and need to specify how to reconcile them.
hint: You can do so by running one of the following commands sometime before
hint: your next pull:
hint: 
hint:   git config pull.rebase false  # merge
hint:   git config pull.rebase true   # rebase
hint:   git config pull.ff only       # fast-forward only
hint: 
hint: You can replace "git config" with "git config --global" to set a default
hint: preference for all repositories. You can also pass --rebase, --no-rebase,
hint: or --ff-only on the command line to override the configured default per
hint: invocation.
fatal: Need to specify how to reconcile divergent branches.
hmiwa@dhcp3-131 02_231105_TutorialPRS % git push git@github.com:humgendiv/hmiwa-lab.git   
Enter passphrase for key '/Users/hmiwa/.ssh/id_rsa': 
To github.com:humgendiv/hmiwa-lab.git
 ! [rejected]        main -> main (non-fast-forward)
error: failed to push some refs to 'github.com:humgendiv/hmiwa-lab.git'
hint: Updates were rejected because the tip of your current branch is behind
hint: its remote counterpart. Integrate the remote changes (e.g.
hint: 'git pull ...') before pushing again.
hint: See the 'Note about fast-forwards' in 'git push --help' for details.
hmiwa@dhcp3-131 02_231105_TutorialPRS % git fetch
Enter passphrase for key '/Users/hmiwa/.ssh/id_rsa': 
From github.com:humgendiv/hmiwa-lab
   fde4d4d..f4e08bb  main       -> origin/main
hmiwa@dhcp3-131 02_231105_TutorialPRS % git pull git@github.com:humgendiv/hmiwa-lab.git
Enter passphrase for key '/Users/hmiwa/.ssh/id_rsa': 
From github.com:humgendiv/hmiwa-lab
 * branch            HEAD       -> FETCH_HEAD
hint: You have divergent branches and need to specify how to reconcile them.
hint: You can do so by running one of the following commands sometime before
hint: your next pull:
hint: 
hint:   git config pull.rebase false  # merge
hint:   git config pull.rebase true   # rebase
hint:   git config pull.ff only       # fast-forward only
hint: 
hint: You can replace "git config" with "git config --global" to set a default
hint: preference for all repositories. You can also pass --rebase, --no-rebase,
hint: or --ff-only on the command line to override the configured default per
hint: invocation.
fatal: Need to specify how to reconcile divergent branches.
hmiwa@dhcp3-131 02_231105_TutorialPRS % git push git@github.com:humgendiv/hmiwa-lab.git
Enter passphrase for key '/Users/hmiwa/.ssh/id_rsa': 
To github.com:humgendiv/hmiwa-lab.git
 ! [rejected]        main -> main (non-fast-forward)
error: failed to push some refs to 'github.com:humgendiv/hmiwa-lab.git'
hint: Updates were rejected because the tip of your current branch is behind
hint: its remote counterpart. Integrate the remote changes (e.g.
hint: 'git pull ...') before pushing again.
hint: See the 'Note about fast-forwards' in 'git push --help' for details.
hmiwa@dhcp3-131 02_231105_TutorialPRS % git pull git@github.com:humgendiv/hmiwa-lab.git
Enter passphrase for key '/Users/hmiwa/.ssh/id_rsa': 
From github.com:humgendiv/hmiwa-lab
 * branch            HEAD       -> FETCH_HEAD
Already up to date.
hmiwa@dhcp3-131 02_231105_TutorialPRS % 
